---
http_interactions:
- request:
    method: post
    uri: https://slack.com/api/chat.postMessage
    body:
      encoding: UTF-8
      string: token=<SLACK_BOT_TOKEN>&channel=&text=weird%20message
    headers:
      Content-Type:
      - application/x-www-form-urlencoded
      Accept-Encoding:
      - gzip;q=1.0,deflate;q=0.6,identity;q=0.3
      Accept:
      - "*/*"
      User-Agent:
      - Ruby
  response:
    status:
      code: 200
      message: OK
    headers:
      Date:
      - Thu, 08 Oct 2020 21:58:46 GMT
      Server:
      - Apache
      X-Slack-Req-Id:
      - e2b56b56623ae4ac2ca424d4e693a657
      X-Oauth-Scopes:
      - identify,channels:read,users:read,chat:write
      Access-Control-Expose-Headers:
      - x-slack-req-id, retry-after
      Access-Control-Allow-Origin:
      - "*"
      X-Slack-Backend:
      - r
      X-Content-Type-Options:
      - nosniff
      Expires:
      - Mon, 26 Jul 1997 05:00:00 GMT
      Cache-Control:
      - private, no-cache, no-store, must-revalidate
      X-Xss-Protection:
      - '0'
      X-Accepted-Oauth-Scopes:
      - chat:write
      Access-Control-Allow-Headers:
      - slack-route, x-slack-version-ts, x-b3-traceid, x-b3-spanid, x-b3-parentspanid,
        x-b3-sampled, x-b3-flags
      Vary:
      - Accept-Encoding
      Pragma:
      - no-cache
      Strict-Transport-Security:
      - max-age=31536000; includeSubDomains; preload
      Referrer-Policy:
      - no-referrer
      Content-Length:
      - '60'
      Content-Type:
      - application/json; charset=utf-8
      X-Via:
      - haproxy-www-x0c9,haproxy-edge-pdx-74gg
    body:
      encoding: ASCII-8BIT
      string: '{"ok":false,"error":"channel_not_found"}'
  recorded_at: Thu, 08 Oct 2020 21:58:46 GMT
- request:
    method: post
    uri: https://slack.com/api/chat.postMessage
    body:
      encoding: UTF-8
      string: token=<SLACK_BOT_TOKEN>&channel=U01C12E4CF5&text=weird%20message
    headers:
      Content-Type:
      - application/x-www-form-urlencoded
      Accept-Encoding:
      - gzip;q=1.0,deflate;q=0.6,identity;q=0.3
      Accept:
      - "*/*"
      User-Agent:
      - Ruby
  response:
    status:
      code: 200
      message: OK
    headers:
      Date:
      - Thu, 08 Oct 2020 22:05:00 GMT
      Server:
      - Apache
      X-Slack-Req-Id:
      - 7d1b0db6e21812071104b10283609d61
      X-Oauth-Scopes:
      - identify,channels:read,users:read,chat:write
      Access-Control-Expose-Headers:
      - x-slack-req-id, retry-after
      Access-Control-Allow-Origin:
      - "*"
      X-Slack-Backend:
      - r
      X-Content-Type-Options:
      - nosniff
      Expires:
      - Mon, 26 Jul 1997 05:00:00 GMT
      Cache-Control:
      - private, no-cache, no-store, must-revalidate
      X-Xss-Protection:
      - '0'
      X-Accepted-Oauth-Scopes:
      - chat:write
      Access-Control-Allow-Headers:
      - slack-route, x-slack-version-ts, x-b3-traceid, x-b3-spanid, x-b3-parentspanid,
        x-b3-sampled, x-b3-flags
      Vary:
      - Accept-Encoding
      Pragma:
      - no-cache
      Strict-Transport-Security:
      - max-age=31536000; includeSubDomains; preload
      Referrer-Policy:
      - no-referrer
      Content-Length:
      - '327'
      Content-Type:
      - application/json; charset=utf-8
      X-Via:
      - haproxy-www-mki5,haproxy-edge-pdx-4yzm
    body:
      encoding: ASCII-8BIT
      string: '{"ok":true,"channel":"D01C71YT34L","ts":"1602194700.000100","message":{"bot_id":"B01C00VN7L5","type":"message","text":"weird
        message","user":"U01C12E4CF5","ts":"1602194700.000100","team":"T01CQM3LG6L","bot_profile":{"id":"B01C00VN7L5","deleted":false,"name":"Earth-Olga-SlackCLI","updated":1602017058,"app_id":"A01C72A3R60","icons":{"image_36":"https:\/\/a.slack-edge.com\/80588\/img\/plugins\/app\/bot_36.png","image_48":"https:\/\/a.slack-edge.com\/80588\/img\/plugins\/app\/bot_48.png","image_72":"https:\/\/a.slack-edge.com\/80588\/img\/plugins\/app\/service_72.png"},"team_id":"T01CQM3LG6L"}}}'
  recorded_at: Thu, 08 Oct 2020 22:05:00 GMT
- request:
    method: post
    uri: https://slack.com/api/chat.postMessage
    body:
      encoding: UTF-8
      string: token=<SLACK_TOKEN>&channel=&text=weird%20message
    headers:
      Content-Type:
      - application/x-www-form-urlencoded
      Accept-Encoding:
      - gzip;q=1.0,deflate;q=0.6,identity;q=0.3
      Accept:
      - "*/*"
      User-Agent:
      - Ruby
  response:
    status:
      code: 200
      message: OK
    headers:
      Date:
      - Thu, 08 Oct 2020 22:45:12 GMT
      Server:
      - Apache
      X-Slack-Req-Id:
      - 2140e1b2ce7de863240d4145ae6775fc
      X-Oauth-Scopes:
      - identify,channels:read,groups:read,im:read,mpim:read,users:read,chat:write
      Access-Control-Expose-Headers:
      - x-slack-req-id, retry-after
      Access-Control-Allow-Origin:
      - "*"
      X-Slack-Backend:
      - r
      X-Content-Type-Options:
      - nosniff
      Expires:
      - Mon, 26 Jul 1997 05:00:00 GMT
      Cache-Control:
      - private, no-cache, no-store, must-revalidate
      X-Xss-Protection:
      - '0'
      X-Accepted-Oauth-Scopes:
      - chat:write
      Access-Control-Allow-Headers:
      - slack-route, x-slack-version-ts, x-b3-traceid, x-b3-spanid, x-b3-parentspanid,
        x-b3-sampled, x-b3-flags
      Vary:
      - Accept-Encoding
      Pragma:
      - no-cache
      Strict-Transport-Security:
      - max-age=31536000; includeSubDomains; preload
      Referrer-Policy:
      - no-referrer
      Content-Length:
      - '60'
      Content-Type:
      - application/json; charset=utf-8
      X-Via:
      - haproxy-www-07yl,haproxy-edge-iad-9739
    body:
      encoding: ASCII-8BIT
      string: '{"ok":false,"error":"channel_not_found"}'
  recorded_at: Thu, 08 Oct 2020 22:45:12 GMT
recorded_with: VCR 6.0.0
